{
    "author": "TDETLES",
    "created_utc": 1626307780.0,
    "distinguished": null,
    "edited": false,
    "id": "okh5g3",
    "text_only": false,
    "flair_text": "Meme \ud83e\udd23",
    "name": "t3_okh5g3",
    "num_comments": 13,
    "permalink": "/r/Superstonk/comments/okh5g3/thanks_ken_youre_the_man_it_all_played_out_as/",
    "score": 252,
    "selftext": "",
    "title": "Thanks Ken, you're the man! It all played out as expected.",
    "upvote_ratio": 0.89,
    "url": "https://i.redd.it/ewdqiwbhq9b71.jpg"
}