<h1>Author: TDETLES</h1>
<h1>Post URL: <a href="https://www.reddit.com/r/Superstonk/comments/okh5g3/thanks_ken_youre_the_man_it_all_played_out_as/">https://www.reddit.com/r/Superstonk/comments/okh5g3/thanks_ken_youre_the_man_it_all_played_out_as/</a></h1>
<p>https://i.redd.it/ewdqiwbhq9b71.jpg</p>